           2   0.00000000       0.00000000       0.00000000    
           4   5.90491056       6.10483577E-03   6.83051953E-03
           6   5.90491056       6.10483577E-03   6.83051953E-03
           8   0.00000000       0.00000000       0.00000000    
          10   5.90491056       6.10483577E-03   6.83051953E-03
          12   5.90491056       6.10483577E-03   6.83051953E-03
          14   2.92368841       1.15692373E-02   1.36610391E-02
          16  0.948771417       3.03320456E-02   2.73220781E-02
          18   0.00000000       0.00000000       0.00000000    
          20   2.93464041       1.18638529E-02   1.36610391E-02
          22   5.90491056       6.10483577E-03   6.83051953E-03
          24   2.49619317       6.15570042E-03   1.36610391E-02
          26   5.90491056       6.10483577E-03   6.83051953E-03
          28  0.960030854       1.73932184E-02   3.41525972E-02
          30   2.93328571       1.18272249E-02   1.36610391E-02
          32   5.90491056       6.10483577E-03   6.83051953E-03
          34   2.94422317       1.21244080E-02   1.36610391E-02
          36   5.90491056       6.10483577E-03   6.83051953E-03
          38   1.76224852       1.10270334E-02   2.04915591E-02
          40   2.93384218       1.18422620E-02   1.36610391E-02
          42   2.94422317       1.21244080E-02   1.36610391E-02
          44   0.00000000       0.00000000       0.00000000    
          46   1.84760284       1.40661607E-02   2.04915591E-02
          48   1.75483382       4.68605496E-02   2.04915591E-02
          50   5.90491056       6.10483577E-03   6.83051953E-03
          52   0.00000000       0.00000000       0.00000000    
          54   1.83245945       1.35512613E-02   2.04915591E-02
          56   2.71177578       6.75825216E-03   1.36610391E-02
          58   2.80250525       8.57426040E-03   1.36610391E-02
          60   5.90491056       6.10483577E-03   6.83051953E-03
          62   2.92039299       1.14812627E-02   1.36610391E-02
          64   1.90014958       1.59125794E-02   2.04915591E-02
          66   2.93136239       1.17753120E-02   1.36610391E-02
          68   5.90491056       6.10483577E-03   6.83051953E-03
          70   5.90491056       6.10483577E-03   6.83051953E-03
          72   1.17015994       2.93615963E-02   2.73220781E-02
          74   1.01099050       2.46619619E-02   2.73220781E-02
          76  0.853233635       1.31174410E-02   3.41525972E-02
          78   1.43214834       2.26303488E-02   2.73220781E-02
          80   1.74020374       1.13767115E-02   2.04915591E-02
          82   1.16846609       1.69652179E-02   2.73220781E-02
          84   2.76151824       7.69764185E-03   1.36610391E-02
          86   5.90491056       6.10483577E-03   6.83051953E-03
          88   0.00000000       0.00000000       0.00000000    
          90   5.90491056       6.10483577E-03   6.83051953E-03
          92   5.90491056       6.10483577E-03   6.83051953E-03
          94  0.447928488       1.37063675E-03   4.09831181E-02
          96   5.90491056       6.10483577E-03   6.83051953E-03
          98  0.319979995       1.73274577E-02   3.41525972E-02
         100  -3.90149727E-02   5.72088771E-02   5.46441562E-02
         102  0.722463787       1.38648134E-02   2.73220781E-02
         104   2.46579289       7.62826251E-03   1.36610391E-02
         106   0.00000000       0.00000000       0.00000000    
         108   0.00000000       0.00000000       0.00000000    
         110   2.93411231       1.18495673E-02   1.36610391E-02
         112   0.00000000       0.00000000       0.00000000    
         114   2.93284392       1.18152900E-02   1.36610391E-02
         116   5.90491056       6.10483577E-03   6.83051953E-03
         118   1.80600536       1.27089387E-02   2.04915591E-02
         120   5.90491056       6.10483577E-03   6.83051953E-03
         122   5.90491056       6.10483577E-03   6.83051953E-03
         124   0.00000000       0.00000000       0.00000000    
         126   1.94843590       1.78450979E-02   2.04915591E-02
         128   1.61820114       1.31656202E-02   2.04915591E-02
         130   2.90303659       1.10232839E-02   1.36610391E-02
         132   1.54816151       3.82016343E-03   2.04915591E-02
         134   5.90491056       6.10483577E-03   6.83051953E-03
         136   5.90491056       6.10483577E-03   6.83051953E-03
         138   2.94422317       1.21244080E-02   1.36610391E-02
         140   2.46580791       1.89806782E-02   1.36610391E-02
         142   5.90491056       6.10483577E-03   6.83051953E-03
         144   5.90491056       6.10483577E-03   6.83051953E-03
         146   2.92305708       1.15523599E-02   1.36610391E-02
         148   1.38383114       2.01427974E-02   2.73220781E-02
         150   2.91555405       1.13526685E-02   1.36610391E-02
         152   1.92742848       1.70053449E-02   2.04915591E-02
         154   1.61531258       1.53584322E-02   2.04915591E-02
         156   0.00000000       0.00000000       0.00000000    
         158   2.89188027       1.07338158E-02   1.36610391E-02
         160   2.93108630       1.17678680E-02   1.36610391E-02
         162   5.90491056       6.10483577E-03   6.83051953E-03
         164   2.72659373       7.02196592E-03   1.36610391E-02
         166   2.93629336       1.19086104E-02   1.36610391E-02
         168   5.90491056       6.10483577E-03   6.83051953E-03
         170   0.00000000       0.00000000       0.00000000    
         172   2.67197537       6.12977101E-03   1.36610391E-02
         174   1.94014657       1.75074209E-02   2.04915591E-02
         176   2.84089446       9.46445949E-03   1.36610391E-02
         178   5.90491056       6.10483577E-03   6.83051953E-03
         180   1.78790724       1.21369092E-02   2.04915591E-02
         182  0.540831804      -6.58413046E-04   3.41525972E-02
         184   5.90491056       6.10483577E-03   6.83051953E-03
         186   5.90491056       6.10483577E-03   6.83051953E-03
         188   1.17538714       1.57304406E-02   2.73220781E-02
         190   2.94422317       1.21244080E-02   1.36610391E-02
         192   1.69668722       1.07678147E-02   2.04915591E-02
         194  0.891930521       2.53220145E-02   3.41525972E-02
         196   1.26755440       1.59270912E-02   2.73220781E-02
         198   0.00000000       0.00000000       0.00000000    
         200   5.90491056       6.10483577E-03   6.83051953E-03
